// Jest Snapshot v1, https://goo.gl/fbAQLP

exports[`trend list should render correctly 1`] = `
<TrendList
  onItemPress={[Function]}
  trends={
    Array [
      Object {
        "name": "Sofía Herrera",
        "promoted_content": null,
        "query": "%22Sof%C3%ADa+Herrera%22",
        "tweet_volume": 11111,
        "url": "http://twitter.com/search?q=%22Sof%C3%ADa+Herrera%22",
      },
      Object {
        "name": "Sofía Herrera",
        "promoted_content": null,
        "query": "%22Sof%C3%ADa+Herrera%22",
        "tweet_volume": 11111,
        "url": "http://twitter.com/search?q=%22Sof%C3%ADa+Herrera%22",
      },
      Object {
        "name": "Sofía Herrera",
        "promoted_content": null,
        "query": "%22Sof%C3%ADa+Herrera%22",
        "tweet_volume": 11111,
        "url": "http://twitter.com/search?q=%22Sof%C3%ADa+Herrera%22",
      },
    ]
  }
>
  <ScrollView>
    <_class>
      <RCTScrollView>
        <Component>
          <View>
            <Trend
              index={0}
              key="0"
              onPress={[Function]}
              trend={
                Object {
                  "name": "Sofía Herrera",
                  "promoted_content": null,
                  "query": "%22Sof%C3%ADa+Herrera%22",
                  "tweet_volume": 11111,
                  "url": "http://twitter.com/search?q=%22Sof%C3%ADa+Herrera%22",
                }
              }
            >
              <TouchableHighlight
                activeOpacity={0.85}
                delayPressOut={100}
                key="t0"
                onPress={[Function]}
                underlayColor="#dddddd"
              >
                <Component
                  accessible={true}
                  isTVSelectable={true}
                  onResponderGrant={[Function]}
                  onResponderMove={[Function]}
                  onResponderRelease={[Function]}
                  onResponderTerminate={[Function]}
                  onResponderTerminationRequest={[Function]}
                  onStartShouldSetResponder={[Function]}
                  style={null}
                >
                  <View
                    accessible={true}
                    isTVSelectable={true}
                    onResponderGrant={[Function]}
                    onResponderMove={[Function]}
                    onResponderRelease={[Function]}
                    onResponderTerminate={[Function]}
                    onResponderTerminationRequest={[Function]}
                    onStartShouldSetResponder={[Function]}
                    style={null}
                  >
                    <Component
                      key="0"
                      style={
                        Object {
                          "borderBottomWidth": 1,
                          "borderColor": "#ccc",
                          "flexDirection": "row",
                          "padding": 10,
                        }
                      }
                    >
                      <View
                        style={
                          Object {
                            "borderBottomWidth": 1,
                            "borderColor": "#ccc",
                            "flexDirection": "row",
                            "padding": 10,
                          }
                        }
                      >
                        <Component
                          style={
                            Object {
                              "flex": 0.1,
                              "paddingLeft": 7,
                            }
                          }
                        >
                          <View
                            style={
                              Object {
                                "flex": 0.1,
                                "paddingLeft": 7,
                              }
                            }
                          >
                            <Text
                              accessible={true}
                              allowFontScaling={true}
                              ellipsizeMode="tail"
                              key="#0"
                              style={
                                Object {
                                  "color": "grey",
                                  "fontSize": 18,
                                }
                              }
                            >
                              <Text
                                accessible={true}
                                allowFontScaling={true}
                                ellipsizeMode="tail"
                                style={
                                  Object {
                                    "color": "grey",
                                    "fontSize": 18,
                                  }
                                }
                              >
                                1
                              </Text>
                            </Text>
                          </View>
                        </Component>
                        <Component
                          style={
                            Object {
                              "flex": 0.9,
                              "paddingLeft": 10,
                            }
                          }
                        >
                          <View
                            style={
                              Object {
                                "flex": 0.9,
                                "paddingLeft": 10,
                              }
                            }
                          >
                            <Text
                              accessible={true}
                              allowFontScaling={true}
                              ellipsizeMode="tail"
                              key="0Name"
                              style={
                                Object {
                                  "fontSize": 17,
                                  "marginBottom": 5,
                                }
                              }
                            >
                              <Text
                                accessible={true}
                                allowFontScaling={true}
                                ellipsizeMode="tail"
                                style={
                                  Object {
                                    "fontSize": 17,
                                    "marginBottom": 5,
                                  }
                                }
                              >
                                Sofía Herrera
                              </Text>
                            </Text>
                            <Text
                              accessible={true}
                              allowFontScaling={true}
                              ellipsizeMode="tail"
                              style={
                                Object {
                                  "color": "grey",
                                  "fontSize": 15,
                                }
                              }
                            >
                              <Text
                                accessible={true}
                                allowFontScaling={true}
                                ellipsizeMode="tail"
                                style={
                                  Object {
                                    "color": "grey",
                                    "fontSize": 15,
                                  }
                                }
                              >
                                11111
                                 Tweets
                              </Text>
                            </Text>
                          </View>
                        </Component>
                      </View>
                    </Component>
                  </View>
                </Component>
              </TouchableHighlight>
            </Trend>
            <Trend
              index={1}
              key="1"
              onPress={[Function]}
              trend={
                Object {
                  "name": "Sofía Herrera",
                  "promoted_content": null,
                  "query": "%22Sof%C3%ADa+Herrera%22",
                  "tweet_volume": 11111,
                  "url": "http://twitter.com/search?q=%22Sof%C3%ADa+Herrera%22",
                }
              }
            >
              <TouchableHighlight
                activeOpacity={0.85}
                delayPressOut={100}
                key="t1"
                onPress={[Function]}
                underlayColor="#dddddd"
              >
                <Component
                  accessible={true}
                  isTVSelectable={true}
                  onResponderGrant={[Function]}
                  onResponderMove={[Function]}
                  onResponderRelease={[Function]}
                  onResponderTerminate={[Function]}
                  onResponderTerminationRequest={[Function]}
                  onStartShouldSetResponder={[Function]}
                  style={null}
                >
                  <View
                    accessible={true}
                    isTVSelectable={true}
                    onResponderGrant={[Function]}
                    onResponderMove={[Function]}
                    onResponderRelease={[Function]}
                    onResponderTerminate={[Function]}
                    onResponderTerminationRequest={[Function]}
                    onStartShouldSetResponder={[Function]}
                    style={null}
                  >
                    <Component
                      key="1"
                      style={
                        Object {
                          "borderBottomWidth": 1,
                          "borderColor": "#ccc",
                          "flexDirection": "row",
                          "padding": 10,
                        }
                      }
                    >
                      <View
                        style={
                          Object {
                            "borderBottomWidth": 1,
                            "borderColor": "#ccc",
                            "flexDirection": "row",
                            "padding": 10,
                          }
                        }
                      >
                        <Component
                          style={
                            Object {
                              "flex": 0.1,
                              "paddingLeft": 7,
                            }
                          }
                        >
                          <View
                            style={
                              Object {
                                "flex": 0.1,
                                "paddingLeft": 7,
                              }
                            }
                          >
                            <Text
                              accessible={true}
                              allowFontScaling={true}
                              ellipsizeMode="tail"
                              key="#1"
                              style={
                                Object {
                                  "color": "grey",
                                  "fontSize": 18,
                                }
                              }
                            >
                              <Text
                                accessible={true}
                                allowFontScaling={true}
                                ellipsizeMode="tail"
                                style={
                                  Object {
                                    "color": "grey",
                                    "fontSize": 18,
                                  }
                                }
                              >
                                2
                              </Text>
                            </Text>
                          </View>
                        </Component>
                        <Component
                          style={
                            Object {
                              "flex": 0.9,
                              "paddingLeft": 10,
                            }
                          }
                        >
                          <View
                            style={
                              Object {
                                "flex": 0.9,
                                "paddingLeft": 10,
                              }
                            }
                          >
                            <Text
                              accessible={true}
                              allowFontScaling={true}
                              ellipsizeMode="tail"
                              key="1Name"
                              style={
                                Object {
                                  "fontSize": 17,
                                  "marginBottom": 5,
                                }
                              }
                            >
                              <Text
                                accessible={true}
                                allowFontScaling={true}
                                ellipsizeMode="tail"
                                style={
                                  Object {
                                    "fontSize": 17,
                                    "marginBottom": 5,
                                  }
                                }
                              >
                                Sofía Herrera
                              </Text>
                            </Text>
                            <Text
                              accessible={true}
                              allowFontScaling={true}
                              ellipsizeMode="tail"
                              style={
                                Object {
                                  "color": "grey",
                                  "fontSize": 15,
                                }
                              }
                            >
                              <Text
                                accessible={true}
                                allowFontScaling={true}
                                ellipsizeMode="tail"
                                style={
                                  Object {
                                    "color": "grey",
                                    "fontSize": 15,
                                  }
                                }
                              >
                                11111
                                 Tweets
                              </Text>
                            </Text>
                          </View>
                        </Component>
                      </View>
                    </Component>
                  </View>
                </Component>
              </TouchableHighlight>
            </Trend>
            <Trend
              index={2}
              key="2"
              onPress={[Function]}
              trend={
                Object {
                  "name": "Sofía Herrera",
                  "promoted_content": null,
                  "query": "%22Sof%C3%ADa+Herrera%22",
                  "tweet_volume": 11111,
                  "url": "http://twitter.com/search?q=%22Sof%C3%ADa+Herrera%22",
                }
              }
            >
              <TouchableHighlight
                activeOpacity={0.85}
                delayPressOut={100}
                key="t2"
                onPress={[Function]}
                underlayColor="#dddddd"
              >
                <Component
                  accessible={true}
                  isTVSelectable={true}
                  onResponderGrant={[Function]}
                  onResponderMove={[Function]}
                  onResponderRelease={[Function]}
                  onResponderTerminate={[Function]}
                  onResponderTerminationRequest={[Function]}
                  onStartShouldSetResponder={[Function]}
                  style={null}
                >
                  <View
                    accessible={true}
                    isTVSelectable={true}
                    onResponderGrant={[Function]}
                    onResponderMove={[Function]}
                    onResponderRelease={[Function]}
                    onResponderTerminate={[Function]}
                    onResponderTerminationRequest={[Function]}
                    onStartShouldSetResponder={[Function]}
                    style={null}
                  >
                    <Component
                      key="2"
                      style={
                        Object {
                          "borderBottomWidth": 1,
                          "borderColor": "#ccc",
                          "flexDirection": "row",
                          "padding": 10,
                        }
                      }
                    >
                      <View
                        style={
                          Object {
                            "borderBottomWidth": 1,
                            "borderColor": "#ccc",
                            "flexDirection": "row",
                            "padding": 10,
                          }
                        }
                      >
                        <Component
                          style={
                            Object {
                              "flex": 0.1,
                              "paddingLeft": 7,
                            }
                          }
                        >
                          <View
                            style={
                              Object {
                                "flex": 0.1,
                                "paddingLeft": 7,
                              }
                            }
                          >
                            <Text
                              accessible={true}
                              allowFontScaling={true}
                              ellipsizeMode="tail"
                              key="#2"
                              style={
                                Object {
                                  "color": "grey",
                                  "fontSize": 18,
                                }
                              }
                            >
                              <Text
                                accessible={true}
                                allowFontScaling={true}
                                ellipsizeMode="tail"
                                style={
                                  Object {
                                    "color": "grey",
                                    "fontSize": 18,
                                  }
                                }
                              >
                                3
                              </Text>
                            </Text>
                          </View>
                        </Component>
                        <Component
                          style={
                            Object {
                              "flex": 0.9,
                              "paddingLeft": 10,
                            }
                          }
                        >
                          <View
                            style={
                              Object {
                                "flex": 0.9,
                                "paddingLeft": 10,
                              }
                            }
                          >
                            <Text
                              accessible={true}
                              allowFontScaling={true}
                              ellipsizeMode="tail"
                              key="2Name"
                              style={
                                Object {
                                  "fontSize": 17,
                                  "marginBottom": 5,
                                }
                              }
                            >
                              <Text
                                accessible={true}
                                allowFontScaling={true}
                                ellipsizeMode="tail"
                                style={
                                  Object {
                                    "fontSize": 17,
                                    "marginBottom": 5,
                                  }
                                }
                              >
                                Sofía Herrera
                              </Text>
                            </Text>
                            <Text
                              accessible={true}
                              allowFontScaling={true}
                              ellipsizeMode="tail"
                              style={
                                Object {
                                  "color": "grey",
                                  "fontSize": 15,
                                }
                              }
                            >
                              <Text
                                accessible={true}
                                allowFontScaling={true}
                                ellipsizeMode="tail"
                                style={
                                  Object {
                                    "color": "grey",
                                    "fontSize": 15,
                                  }
                                }
                              >
                                11111
                                 Tweets
                              </Text>
                            </Text>
                          </View>
                        </Component>
                      </View>
                    </Component>
                  </View>
                </Component>
              </TouchableHighlight>
            </Trend>
          </View>
        </Component>
      </RCTScrollView>
    </_class>
  </ScrollView>
</TrendList>
`;
