// Jest Snapshot v1, https://goo.gl/fbAQLP

exports[`trends should render correctly 1`] = `
<Component>
  <Text
    accessible={true}
    allowFontScaling={true}
    ellipsizeMode="tail"
    style={
      Object {
        "fontSize": 20,
        "fontWeight": "bold",
        "marginBottom": 15,
        "marginLeft": 10,
      }
    }
  >
    Trends for you
  </Text>
  <Component
    style={
      Object {
        "backgroundColor": "#dddddd",
        "height": 1,
      }
    }
  />
  <TrendList
    onItemPress={undefined}
    trends={
      Array [
        Object {
          "name": "Sofía Herrera",
          "promoted_content": null,
          "query": "%22Sof%C3%ADa+Herrera%22",
          "tweet_volume": null,
          "url": "http://twitter.com/search?q=%22Sof%C3%ADa+Herrera%22",
        },
        Object {
          "name": "Sofía Herrera",
          "promoted_content": null,
          "query": "%22Sof%C3%ADa+Herrera%22",
          "tweet_volume": null,
          "url": "http://twitter.com/search?q=%22Sof%C3%ADa+Herrera%22",
        },
        Object {
          "name": "Sofía Herrera",
          "promoted_content": null,
          "query": "%22Sof%C3%ADa+Herrera%22",
          "tweet_volume": null,
          "url": "http://twitter.com/search?q=%22Sof%C3%ADa+Herrera%22",
        },
      ]
    }
  />
</Component>
`;
