// Jest Snapshot v1, https://goo.gl/fbAQLP

exports[`trend list should render correctly 1`] = `
<ScrollView>
  <TouchableHighlight
    activeOpacity={0.85}
    delayPressOut={100}
    onPress={[Function]}
    underlayColor="#dddddd"
  >
    <Component
      style={
        Object {
          "borderBottomWidth": 1,
          "borderColor": "#ccc",
          "flexDirection": "row",
          "padding": 10,
        }
      }
    >
      <Component
        style={
          Object {
            "flex": 0.1,
            "paddingLeft": 7,
          }
        }
      >
        <Text
          accessible={true}
          allowFontScaling={true}
          ellipsizeMode="tail"
          style={
            Object {
              "color": "grey",
              "fontSize": 18,
            }
          }
        >
          1
        </Text>
      </Component>
      <Component
        style={
          Object {
            "flex": 0.9,
            "paddingLeft": 10,
          }
        }
      >
        <Text
          accessible={true}
          allowFontScaling={true}
          ellipsizeMode="tail"
          style={
            Object {
              "fontSize": 17,
              "marginBottom": 5,
            }
          }
        >
          Sofía Herrera
        </Text>
      </Component>
    </Component>
  </TouchableHighlight>
  <TouchableHighlight
    activeOpacity={0.85}
    delayPressOut={100}
    onPress={[Function]}
    underlayColor="#dddddd"
  >
    <Component
      style={
        Object {
          "borderBottomWidth": 1,
          "borderColor": "#ccc",
          "flexDirection": "row",
          "padding": 10,
        }
      }
    >
      <Component
        style={
          Object {
            "flex": 0.1,
            "paddingLeft": 7,
          }
        }
      >
        <Text
          accessible={true}
          allowFontScaling={true}
          ellipsizeMode="tail"
          style={
            Object {
              "color": "grey",
              "fontSize": 18,
            }
          }
        >
          2
        </Text>
      </Component>
      <Component
        style={
          Object {
            "flex": 0.9,
            "paddingLeft": 10,
          }
        }
      >
        <Text
          accessible={true}
          allowFontScaling={true}
          ellipsizeMode="tail"
          style={
            Object {
              "fontSize": 17,
              "marginBottom": 5,
            }
          }
        >
          Sofía Herrera
        </Text>
      </Component>
    </Component>
  </TouchableHighlight>
  <TouchableHighlight
    activeOpacity={0.85}
    delayPressOut={100}
    onPress={[Function]}
    underlayColor="#dddddd"
  >
    <Component
      style={
        Object {
          "borderBottomWidth": 1,
          "borderColor": "#ccc",
          "flexDirection": "row",
          "padding": 10,
        }
      }
    >
      <Component
        style={
          Object {
            "flex": 0.1,
            "paddingLeft": 7,
          }
        }
      >
        <Text
          accessible={true}
          allowFontScaling={true}
          ellipsizeMode="tail"
          style={
            Object {
              "color": "grey",
              "fontSize": 18,
            }
          }
        >
          3
        </Text>
      </Component>
      <Component
        style={
          Object {
            "flex": 0.9,
            "paddingLeft": 10,
          }
        }
      >
        <Text
          accessible={true}
          allowFontScaling={true}
          ellipsizeMode="tail"
          style={
            Object {
              "fontSize": 17,
              "marginBottom": 5,
            }
          }
        >
          Sofía Herrera
        </Text>
      </Component>
    </Component>
  </TouchableHighlight>
</ScrollView>
`;
