// Jest Snapshot v1, https://goo.gl/fbAQLP

exports[`config item should render correctly 1`] = `
<Component
  style={
    Object {
      "borderBottomWidth": 1,
      "borderColor": "#ccc",
      "flexDirection": "row",
      "padding": 10,
    }
  }
>
  <Component
    style={
      Object {
        "flex": 0.9,
        "height": 50,
      }
    }
  >
    <Text
      accessible={true}
      allowFontScaling={true}
      ellipsizeMode="tail"
      style={
        Object {
          "fontSize": 17,
        }
      }
    >
      Test title
    </Text>
  </Component>
  <Component
    style={
      Object {
        "flex": 0.1,
        "height": 50,
      }
    }
  >
    <UnimplementedView
      onValueChange={[Function]}
      style={Object {}}
      value={false}
    />
  </Component>
</Component>
`;
