// Jest Snapshot v1, https://goo.gl/fbAQLP

exports[`search form should render correctly 1`] = `
<Component
  style={
    Object {
      "backgroundColor": "#FFFF",
      "flexDirection": "row",
      "height": 80,
      "justifyContent": "space-evenly",
      "paddingLeft": 5,
      "paddingRight": 5,
      "paddingTop": 17,
    }
  }
>
  <Component
    style={
      Object {
        "alignItems": "center",
        "borderColor": "black",
        "borderWidth": 1,
        "flex": 0.65,
        "flexDirection": "row",
        "height": 40,
        "justifyContent": "center",
        "padding": 1,
        "paddingLeft": 5,
      }
    }
  >
    <Icon
      allowFontScaling={false}
      color="#1183ff"
      name="ios-search"
      size={32}
    />
    <TextInput
      allowFontScaling={true}
      onChangeText={[Function]}
      style={
        Object {
          "flex": 1,
          "fontSize": 17,
          "marginLeft": 3,
          "padding": 5,
        }
      }
      underlineColorAndroid="transparent"
      value="This is a Test value"
    />
    <Icon
      allowFontScaling={false}
      color="#1183ff"
      name="ios-close"
      onPress={[Function]}
      size={32}
      style={
        Object {
          "padding": 5,
        }
      }
    />
  </Component>
  <AnimatedComponent
    onPress={[Function]}
    style={
      Array [
        Object {
          "alignItems": "center",
          "backgroundColor": "#1FBFFF",
          "borderRadius": 5,
          "flex": 0.25,
          "height": 40,
          "justifyContent": "center",
        },
        Object {
          "transform": Array [
            Object {
              "scale": 1,
            },
          ],
        },
      ]
    }
  >
    <AnimatedComponent
      style={
        Array [
          Object {
            "color": "white",
            "fontSize": 16,
          },
          Object {
            "transform": Array [
              Object {
                "scale": 1,
              },
            ],
          },
        ]
      }
    >
       Search 
    </AnimatedComponent>
  </AnimatedComponent>
</Component>
`;
