// Jest Snapshot v1, https://goo.gl/fbAQLP

exports[`post component should render correctly 1`] = `
<Component
  style={
    Object {
      "flexDirection": "row",
    }
  }
>
  <Text
    accessible={true}
    allowFontScaling={true}
    ellipsizeMode="tail"
    style={
      Object {
        "fontWeight": "600",
      }
    }
  >
    TN - Todo Noticias
  </Text>
  <Icon
    allowFontScaling={false}
    color="#1FBFFF"
    name="ios-checkmark-circle"
    size={16}
  />
  <Text
    accessible={true}
    allowFontScaling={true}
    ellipsizeMode="tail"
    style={
      Object {
        "color": "grey",
      }
    }
  >
     @
    todonoticias
  </Text>
</Component>
`;
