// Jest Snapshot v1, https://goo.gl/fbAQLP

exports[`config screen should render correctly 1`] = `
<ConfigScreen
  configContainsLink={false}
  configDoNotFollow={false}
  configHaveDefaultInformation={false}
  configTextTruncated={false}
  configToggleContainsLink={[Function]}
  configToggleDoNotFollow={[Function]}
  configToggleHaveDefaultInformation={[Function]}
  configToggleTextTruncated={[Function]}
  configToggleVerifiedOnly={[Function]}
  configVerifiedOnly={false}
  navigation={
    Object {
      "state": Object {
        "params": Object {
          "data": "1",
        },
      },
    }
  }
/>
`;

exports[`config screen should render correctly when wrapped with redux 1`] = `
<Connect(ConfigList)
  navigation={
    Object {
      "state": Object {
        "params": Object {
          "data": "1",
        },
      },
    }
  }
/>
`;
