// Jest Snapshot v1, https://goo.gl/fbAQLP

exports[`post screen should render correctly when wrapped with redux 1`] = `
<PostScreen
  isLoadingShowPost={true}
  navigation={
    Object {
      "state": Object {
        "params": Object {
          "data": "1",
        },
      },
    }
  }
  requestPostShow={[Function]}
  showPost={Object {}}
  store={
    Object {
      "@@observable": [Function],
      "dispatch": [Function],
      "getState": [Function],
      "replaceReducer": [Function],
      "subscribe": [Function],
    }
  }
  storeSubscription={
    Subscription {
      "listeners": Object {
        "clear": [Function],
        "get": [Function],
        "notify": [Function],
        "subscribe": [Function],
      },
      "onStateChange": [Function],
      "parentSub": undefined,
      "store": Object {
        "@@observable": [Function],
        "dispatch": [Function],
        "getState": [Function],
        "replaceReducer": [Function],
        "subscribe": [Function],
      },
      "unsubscribe": [Function],
    }
  }
/>
`;

exports[`post screen should render correctly while loading post 1`] = `
<Component
  style={
    Object {
      "backgroundColor": "white",
      "flex": 1,
      "paddingTop": 10,
    }
  }
>
  <Component
    style={
      Object {
        "alignItems": "center",
        "backgroundColor": "#fff",
        "flex": 1,
        "justifyContent": "center",
      }
    }
  >
    <ActivityIndicator
      animating={true}
      color="#999999"
      hidesWhenStopped={true}
      size="small"
    />
  </Component>
</Component>
`;
