// Jest Snapshot v1, https://goo.gl/fbAQLP

exports[`user profile screen should render correctly 1`] = `
<View
  style={
    Object {
      "backgroundColor": "white",
      "flex": 1,
      "flexDirection": "column",
      "justifyContent": "space-around",
    }
  }
>
  <View
    style={
      Object {
        "backgroundColor": "white",
        "flex": 1,
        "flexDirection": "column",
        "justifyContent": "space-around",
      }
    }
  >
    <View
      style={
        Object {
          "flexDirection": "column",
        }
      }
    >
      <Image
        source={
          Object {
            "uri": "https://pbs.twimg.com/profile_banners/2495199115/1530555192",
          }
        }
        style={
          Object {
            "height": 296.44444444444446,
            "resizeMode": "contain",
            "width": 750,
          }
        }
      />
      <View
        style={
          Array [
            Object {
              "flexDirection": "row",
            },
            Object {
              "justifyContent": "center",
            },
          ]
        }
      >
        <Image
          source={
            Object {
              "uri": "https://pbs.twimg.com/profile_images/806223847557124096/rwtoQ0Cd_normal.jpg",
            }
          }
          style={
            Object {
              "alignSelf": "center",
              "borderRadius": 25,
              "height": 50,
              "resizeMode": "contain",
              "width": 50,
            }
          }
        />
        <View
          style={
            Object {
              "alignSelf": "center",
              "height": 50,
              "justifyContent": "center",
            }
          }
        >
          <Text
            accessible={true}
            allowFontScaling={true}
            ellipsizeMode="tail"
            style={
              Object {
                "fontSize": 16,
              }
            }
          >
             
            Selección Argentina 🇦🇷
             
          </Text>
        </View>
      </View>
    </View>
    <View
      style={
        Object {
          "backgroundColor": "#dddddd",
          "height": 1,
        }
      }
    />
    <RCTScrollView
      data={
        Array [
          Object {
            "contributors": null,
            "coordinates": null,
            "created_at": "Thu Dec 20 14:06:56 +0000 2018",
            "entities": Object {
              "hashtags": Array [],
              "symbols": Array [],
              "urls": Array [
                Object {
                  "display_url": "twitter.com/i/web/status/1…",
                  "expanded_url": "https://twitter.com/i/web/status/1075754427368333313",
                  "indices": Array [
                    117,
                    140,
                  ],
                  "url": "https://t.co/WG9oBkfoFF",
                },
              ],
              "user_mentions": Array [],
            },
            "favorite_count": 0,
            "favorited": false,
            "geo": null,
            "id": 1075754427368333300,
            "id_str": "1075754427368333313",
            "in_reply_to_screen_name": null,
            "in_reply_to_status_id": null,
            "in_reply_to_status_id_str": null,
            "in_reply_to_user_id": null,
            "in_reply_to_user_id_str": null,
            "is_quote_status": false,
            "lang": "es",
            "place": null,
            "possibly_sensitive": false,
            "possibly_sensitive_appealable": false,
            "retweet_count": 0,
            "retweeted": false,
            "source": "<a href=\\"http://twitter.com\\" rel=\\"nofollow\\">Twitter Web Client</a>",
            "text": "Por una medida de Trump, Rusia advirtió que \\"hay peligro\\" de una guerra nuclear: \\"Puede morir toda la civilización\\"… https://t.co/WG9oBkfoFF",
            "truncated": true,
            "user": Object {
              "contributors_enabled": false,
              "created_at": "Mon Mar 23 12:35:07 +0000 2009",
              "default_profile": true,
              "default_profile_image": false,
              "description": "Noticias las 24 horas, por el canal líder en audiencia y credibilidad de Argentina",
              "entities": Object {
                "description": Object {
                  "urls": Array [],
                },
                "url": Object {
                  "urls": Array [
                    Object {
                      "display_url": "tn.com.ar",
                      "expanded_url": "http://www.tn.com.ar",
                      "indices": Array [
                        0,
                        22,
                      ],
                      "url": "http://t.co/TX6TF1nOUs",
                    },
                  ],
                },
              },
              "favourites_count": 1,
              "follow_request_sent": false,
              "followers_count": 4677787,
              "following": false,
              "friends_count": 124,
              "geo_enabled": false,
              "has_extended_profile": false,
              "id": 25992212,
              "id_str": "25992212",
              "is_translation_enabled": true,
              "is_translator": false,
              "lang": "es",
              "listed_count": 9085,
              "location": "Argentina",
              "name": "TN - Todo Noticias",
              "notifications": false,
              "profile_background_color": "666666",
              "profile_background_image_url": "http://abs.twimg.com/images/themes/theme1/bg.png",
              "profile_background_image_url_https": "https://abs.twimg.com/images/themes/theme1/bg.png",
              "profile_background_tile": true,
              "profile_banner_url": "https://pbs.twimg.com/profile_banners/25992212/1533675118",
              "profile_image_url": "http://pbs.twimg.com/profile_images/962300034661396481/OzHK6TZr_normal.jpg",
              "profile_image_url_https": "https://pbs.twimg.com/profile_images/962300034661396481/OzHK6TZr_normal.jpg",
              "profile_link_color": "D51D2E",
              "profile_sidebar_border_color": "FFFFFF",
              "profile_sidebar_fill_color": "314BB9",
              "profile_text_color": "000000",
              "profile_use_background_image": true,
              "protected": false,
              "screen_name": "todonoticias",
              "statuses_count": 84280,
              "time_zone": null,
              "translator_type": "none",
              "url": "http://t.co/TX6TF1nOUs",
              "utc_offset": null,
              "verified": true,
            },
          },
          Object {
            "contributors": null,
            "coordinates": null,
            "created_at": "Thu Dec 20 14:06:56 +0000 2018",
            "entities": Object {
              "hashtags": Array [],
              "symbols": Array [],
              "urls": Array [
                Object {
                  "display_url": "twitter.com/i/web/status/1…",
                  "expanded_url": "https://twitter.com/i/web/status/1075754427368333313",
                  "indices": Array [
                    117,
                    140,
                  ],
                  "url": "https://t.co/WG9oBkfoFF",
                },
              ],
              "user_mentions": Array [],
            },
            "favorite_count": 0,
            "favorited": false,
            "geo": null,
            "id": 1075754427368333300,
            "id_str": "1075754427368333313",
            "in_reply_to_screen_name": null,
            "in_reply_to_status_id": null,
            "in_reply_to_status_id_str": null,
            "in_reply_to_user_id": null,
            "in_reply_to_user_id_str": null,
            "is_quote_status": false,
            "lang": "es",
            "place": null,
            "possibly_sensitive": false,
            "possibly_sensitive_appealable": false,
            "retweet_count": 0,
            "retweeted": false,
            "source": "<a href=\\"http://twitter.com\\" rel=\\"nofollow\\">Twitter Web Client</a>",
            "text": "Por una medida de Trump, Rusia advirtió que \\"hay peligro\\" de una guerra nuclear: \\"Puede morir toda la civilización\\"… https://t.co/WG9oBkfoFF",
            "truncated": true,
            "user": Object {
              "contributors_enabled": false,
              "created_at": "Mon Mar 23 12:35:07 +0000 2009",
              "default_profile": true,
              "default_profile_image": false,
              "description": "Noticias las 24 horas, por el canal líder en audiencia y credibilidad de Argentina",
              "entities": Object {
                "description": Object {
                  "urls": Array [],
                },
                "url": Object {
                  "urls": Array [
                    Object {
                      "display_url": "tn.com.ar",
                      "expanded_url": "http://www.tn.com.ar",
                      "indices": Array [
                        0,
                        22,
                      ],
                      "url": "http://t.co/TX6TF1nOUs",
                    },
                  ],
                },
              },
              "favourites_count": 1,
              "follow_request_sent": false,
              "followers_count": 4677787,
              "following": false,
              "friends_count": 124,
              "geo_enabled": false,
              "has_extended_profile": false,
              "id": 25992212,
              "id_str": "25992212",
              "is_translation_enabled": true,
              "is_translator": false,
              "lang": "es",
              "listed_count": 9085,
              "location": "Argentina",
              "name": "TN - Todo Noticias",
              "notifications": false,
              "profile_background_color": "666666",
              "profile_background_image_url": "http://abs.twimg.com/images/themes/theme1/bg.png",
              "profile_background_image_url_https": "https://abs.twimg.com/images/themes/theme1/bg.png",
              "profile_background_tile": true,
              "profile_banner_url": "https://pbs.twimg.com/profile_banners/25992212/1533675118",
              "profile_image_url": "http://pbs.twimg.com/profile_images/962300034661396481/OzHK6TZr_normal.jpg",
              "profile_image_url_https": "https://pbs.twimg.com/profile_images/962300034661396481/OzHK6TZr_normal.jpg",
              "profile_link_color": "D51D2E",
              "profile_sidebar_border_color": "FFFFFF",
              "profile_sidebar_fill_color": "314BB9",
              "profile_text_color": "000000",
              "profile_use_background_image": true,
              "protected": false,
              "screen_name": "todonoticias",
              "statuses_count": 84280,
              "time_zone": null,
              "translator_type": "none",
              "url": "http://t.co/TX6TF1nOUs",
              "utc_offset": null,
              "verified": true,
            },
          },
          Object {
            "contributors": null,
            "coordinates": null,
            "created_at": "Thu Dec 20 14:06:56 +0000 2018",
            "entities": Object {
              "hashtags": Array [],
              "symbols": Array [],
              "urls": Array [
                Object {
                  "display_url": "twitter.com/i/web/status/1…",
                  "expanded_url": "https://twitter.com/i/web/status/1075754427368333313",
                  "indices": Array [
                    117,
                    140,
                  ],
                  "url": "https://t.co/WG9oBkfoFF",
                },
              ],
              "user_mentions": Array [],
            },
            "favorite_count": 0,
            "favorited": false,
            "geo": null,
            "id": 1075754427368333300,
            "id_str": "1075754427368333313",
            "in_reply_to_screen_name": null,
            "in_reply_to_status_id": null,
            "in_reply_to_status_id_str": null,
            "in_reply_to_user_id": null,
            "in_reply_to_user_id_str": null,
            "is_quote_status": false,
            "lang": "es",
            "place": null,
            "possibly_sensitive": false,
            "possibly_sensitive_appealable": false,
            "retweet_count": 0,
            "retweeted": false,
            "source": "<a href=\\"http://twitter.com\\" rel=\\"nofollow\\">Twitter Web Client</a>",
            "text": "Por una medida de Trump, Rusia advirtió que \\"hay peligro\\" de una guerra nuclear: \\"Puede morir toda la civilización\\"… https://t.co/WG9oBkfoFF",
            "truncated": true,
            "user": Object {
              "contributors_enabled": false,
              "created_at": "Mon Mar 23 12:35:07 +0000 2009",
              "default_profile": true,
              "default_profile_image": false,
              "description": "Noticias las 24 horas, por el canal líder en audiencia y credibilidad de Argentina",
              "entities": Object {
                "description": Object {
                  "urls": Array [],
                },
                "url": Object {
                  "urls": Array [
                    Object {
                      "display_url": "tn.com.ar",
                      "expanded_url": "http://www.tn.com.ar",
                      "indices": Array [
                        0,
                        22,
                      ],
                      "url": "http://t.co/TX6TF1nOUs",
                    },
                  ],
                },
              },
              "favourites_count": 1,
              "follow_request_sent": false,
              "followers_count": 4677787,
              "following": false,
              "friends_count": 124,
              "geo_enabled": false,
              "has_extended_profile": false,
              "id": 25992212,
              "id_str": "25992212",
              "is_translation_enabled": true,
              "is_translator": false,
              "lang": "es",
              "listed_count": 9085,
              "location": "Argentina",
              "name": "TN - Todo Noticias",
              "notifications": false,
              "profile_background_color": "666666",
              "profile_background_image_url": "http://abs.twimg.com/images/themes/theme1/bg.png",
              "profile_background_image_url_https": "https://abs.twimg.com/images/themes/theme1/bg.png",
              "profile_background_tile": true,
              "profile_banner_url": "https://pbs.twimg.com/profile_banners/25992212/1533675118",
              "profile_image_url": "http://pbs.twimg.com/profile_images/962300034661396481/OzHK6TZr_normal.jpg",
              "profile_image_url_https": "https://pbs.twimg.com/profile_images/962300034661396481/OzHK6TZr_normal.jpg",
              "profile_link_color": "D51D2E",
              "profile_sidebar_border_color": "FFFFFF",
              "profile_sidebar_fill_color": "314BB9",
              "profile_text_color": "000000",
              "profile_use_background_image": true,
              "protected": false,
              "screen_name": "todonoticias",
              "statuses_count": 84280,
              "time_zone": null,
              "translator_type": "none",
              "url": "http://t.co/TX6TF1nOUs",
              "utc_offset": null,
              "verified": true,
            },
          },
        ]
      }
      disableVirtualization={false}
      getItem={[Function]}
      getItemCount={[Function]}
      horizontal={false}
      initialNumToRender={10}
      invertStickyHeaders={undefined}
      keyExtractor={[Function]}
      maxToRenderPerBatch={10}
      numColumns={1}
      onContentSizeChange={[Function]}
      onEndReached={[Function]}
      onEndReachedThreshold={5}
      onLayout={[Function]}
      onMomentumScrollEnd={[Function]}
      onRefresh={[Function]}
      onScroll={[Function]}
      onScrollBeginDrag={[Function]}
      onScrollEndDrag={[Function]}
      refreshControl={
        <RefreshControlMock
          onRefresh={[Function]}
          progressViewOffset={undefined}
          refreshing={false}
        />
      }
      refreshing={false}
      renderItem={[Function]}
      scrollEventThrottle={50}
      stickyHeaderIndices={Array []}
      updateCellsBatchingPeriod={50}
      viewabilityConfigCallbackPairs={Array []}
      windowSize={21}
    >
      <RCTRefreshControl />
      <View>
        <View
          onLayout={[Function]}
          style={null}
        >
          <View
            accessibilityComponentType={undefined}
            accessibilityLabel={undefined}
            accessibilityTraits={undefined}
            accessible={true}
            hasTVPreferredFocus={undefined}
            hitSlop={undefined}
            isTVSelectable={true}
            nativeID={undefined}
            onLayout={undefined}
            onResponderGrant={[Function]}
            onResponderMove={[Function]}
            onResponderRelease={[Function]}
            onResponderTerminate={[Function]}
            onResponderTerminationRequest={[Function]}
            onStartShouldSetResponder={[Function]}
            style={null}
            testID={undefined}
            tvParallaxProperties={undefined}
          >
            <View
              style={
                Array [
                  Object {
                    "borderBottomWidth": 1,
                    "borderColor": "#ccc",
                    "padding": 10,
                  },
                  null,
                ]
              }
            >
              <View
                style={
                  Object {
                    "flex": 1,
                    "flexDirection": "row",
                  }
                }
              >
                <View
                  style={
                    Object {
                      "flex": 0.2,
                    }
                  }
                >
                  <View
                    accessibilityComponentType={undefined}
                    accessibilityLabel={undefined}
                    accessibilityTraits={undefined}
                    accessible={true}
                    hasTVPreferredFocus={undefined}
                    hitSlop={undefined}
                    isTVSelectable={true}
                    nativeID={undefined}
                    onLayout={undefined}
                    onResponderGrant={[Function]}
                    onResponderMove={[Function]}
                    onResponderRelease={[Function]}
                    onResponderTerminate={[Function]}
                    onResponderTerminationRequest={[Function]}
                    onStartShouldSetResponder={[Function]}
                    style={null}
                    testID={undefined}
                    tvParallaxProperties={undefined}
                  >
                    <Image
                      fadeDuration={0}
                      source={
                        Object {
                          "uri": "https://pbs.twimg.com/profile_images/962300034661396481/OzHK6TZr_normal.jpg",
                        }
                      }
                      style={
                        Object {
                          "alignSelf": "center",
                          "borderRadius": 25,
                          "height": 50,
                          "resizeMode": "contain",
                          "width": 50,
                        }
                      }
                    />
                  </View>
                </View>
                <View
                  style={
                    Object {
                      "flex": 0.8,
                    }
                  }
                >
                  <View
                    style={
                      Object {
                        "flexDirection": "row",
                      }
                    }
                  >
                    <Text
                      accessible={true}
                      allowFontScaling={true}
                      ellipsizeMode="tail"
                      style={
                        Object {
                          "fontWeight": "600",
                        }
                      }
                    >
                      TN - Todo Noticias
                    </Text>
                    <Text
                      accessible={true}
                      allowFontScaling={true}
                      ellipsizeMode="tail"
                    />
                    <Text
                      accessible={true}
                      allowFontScaling={true}
                      ellipsizeMode="tail"
                      style={
                        Object {
                          "color": "grey",
                        }
                      }
                    >
                       @
                      todonoticias
                    </Text>
                  </View>
                  <Text
                    accessible={true}
                    allowFontScaling={true}
                    ellipsizeMode="tail"
                    style={
                      Object {
                        "fontSize": 15,
                        "fontWeight": "400",
                      }
                    }
                  >
                    Por una medida de Trump, Rusia advirtió que "hay peligro" de una guerra nuclear: "Puede morir toda la civilización"… https://t.co/WG9oBkfoFF
                  </Text>
                  <View />
                  <View
                    style={
                      Object {
                        "flexDirection": "row",
                        "justifyContent": "space-between",
                        "paddingLeft": 5,
                        "paddingRight": 35,
                        "paddingTop": 15,
                      }
                    }
                  >
                    <View
                      style={
                        Object {
                          "alignItems": "center",
                          "flexDirection": "row",
                        }
                      }
                    >
                      <Text
                        accessible={true}
                        allowFontScaling={true}
                        ellipsizeMode="tail"
                      />
                      <Text
                        accessible={true}
                        allowFontScaling={true}
                        ellipsizeMode="tail"
                        style={
                          Object {
                            "color": "grey",
                            "fontSize": 15,
                            "margin": 5,
                          }
                        }
                      >
                        0
                      </Text>
                    </View>
                    <View
                      style={
                        Object {
                          "alignItems": "center",
                          "flexDirection": "row",
                        }
                      }
                    >
                      <Text
                        accessible={true}
                        allowFontScaling={true}
                        ellipsizeMode="tail"
                      />
                      <Text
                        accessible={true}
                        allowFontScaling={true}
                        ellipsizeMode="tail"
                        style={
                          Object {
                            "color": "grey",
                            "fontSize": 15,
                            "margin": 5,
                          }
                        }
                      >
                        0
                      </Text>
                    </View>
                    <View
                      style={
                        Object {
                          "alignItems": "center",
                          "flexDirection": "row",
                        }
                      }
                    >
                      <Text
                        accessible={true}
                        allowFontScaling={true}
                        ellipsizeMode="tail"
                      />
                      <Text
                        accessible={true}
                        allowFontScaling={true}
                        ellipsizeMode="tail"
                        style={
                          Object {
                            "color": "grey",
                            "fontSize": 15,
                            "margin": 5,
                          }
                        }
                      >
                        0
                      </Text>
                    </View>
                  </View>
                </View>
              </View>
            </View>
          </View>
        </View>
        <View
          onLayout={[Function]}
          style={null}
        >
          <View
            accessibilityComponentType={undefined}
            accessibilityLabel={undefined}
            accessibilityTraits={undefined}
            accessible={true}
            hasTVPreferredFocus={undefined}
            hitSlop={undefined}
            isTVSelectable={true}
            nativeID={undefined}
            onLayout={undefined}
            onResponderGrant={[Function]}
            onResponderMove={[Function]}
            onResponderRelease={[Function]}
            onResponderTerminate={[Function]}
            onResponderTerminationRequest={[Function]}
            onStartShouldSetResponder={[Function]}
            style={null}
            testID={undefined}
            tvParallaxProperties={undefined}
          >
            <View
              style={
                Array [
                  Object {
                    "borderBottomWidth": 1,
                    "borderColor": "#ccc",
                    "padding": 10,
                  },
                  null,
                ]
              }
            >
              <View
                style={
                  Object {
                    "flex": 1,
                    "flexDirection": "row",
                  }
                }
              >
                <View
                  style={
                    Object {
                      "flex": 0.2,
                    }
                  }
                >
                  <View
                    accessibilityComponentType={undefined}
                    accessibilityLabel={undefined}
                    accessibilityTraits={undefined}
                    accessible={true}
                    hasTVPreferredFocus={undefined}
                    hitSlop={undefined}
                    isTVSelectable={true}
                    nativeID={undefined}
                    onLayout={undefined}
                    onResponderGrant={[Function]}
                    onResponderMove={[Function]}
                    onResponderRelease={[Function]}
                    onResponderTerminate={[Function]}
                    onResponderTerminationRequest={[Function]}
                    onStartShouldSetResponder={[Function]}
                    style={null}
                    testID={undefined}
                    tvParallaxProperties={undefined}
                  >
                    <Image
                      fadeDuration={0}
                      source={
                        Object {
                          "uri": "https://pbs.twimg.com/profile_images/962300034661396481/OzHK6TZr_normal.jpg",
                        }
                      }
                      style={
                        Object {
                          "alignSelf": "center",
                          "borderRadius": 25,
                          "height": 50,
                          "resizeMode": "contain",
                          "width": 50,
                        }
                      }
                    />
                  </View>
                </View>
                <View
                  style={
                    Object {
                      "flex": 0.8,
                    }
                  }
                >
                  <View
                    style={
                      Object {
                        "flexDirection": "row",
                      }
                    }
                  >
                    <Text
                      accessible={true}
                      allowFontScaling={true}
                      ellipsizeMode="tail"
                      style={
                        Object {
                          "fontWeight": "600",
                        }
                      }
                    >
                      TN - Todo Noticias
                    </Text>
                    <Text
                      accessible={true}
                      allowFontScaling={true}
                      ellipsizeMode="tail"
                    />
                    <Text
                      accessible={true}
                      allowFontScaling={true}
                      ellipsizeMode="tail"
                      style={
                        Object {
                          "color": "grey",
                        }
                      }
                    >
                       @
                      todonoticias
                    </Text>
                  </View>
                  <Text
                    accessible={true}
                    allowFontScaling={true}
                    ellipsizeMode="tail"
                    style={
                      Object {
                        "fontSize": 15,
                        "fontWeight": "400",
                      }
                    }
                  >
                    Por una medida de Trump, Rusia advirtió que "hay peligro" de una guerra nuclear: "Puede morir toda la civilización"… https://t.co/WG9oBkfoFF
                  </Text>
                  <View />
                  <View
                    style={
                      Object {
                        "flexDirection": "row",
                        "justifyContent": "space-between",
                        "paddingLeft": 5,
                        "paddingRight": 35,
                        "paddingTop": 15,
                      }
                    }
                  >
                    <View
                      style={
                        Object {
                          "alignItems": "center",
                          "flexDirection": "row",
                        }
                      }
                    >
                      <Text
                        accessible={true}
                        allowFontScaling={true}
                        ellipsizeMode="tail"
                      />
                      <Text
                        accessible={true}
                        allowFontScaling={true}
                        ellipsizeMode="tail"
                        style={
                          Object {
                            "color": "grey",
                            "fontSize": 15,
                            "margin": 5,
                          }
                        }
                      >
                        0
                      </Text>
                    </View>
                    <View
                      style={
                        Object {
                          "alignItems": "center",
                          "flexDirection": "row",
                        }
                      }
                    >
                      <Text
                        accessible={true}
                        allowFontScaling={true}
                        ellipsizeMode="tail"
                      />
                      <Text
                        accessible={true}
                        allowFontScaling={true}
                        ellipsizeMode="tail"
                        style={
                          Object {
                            "color": "grey",
                            "fontSize": 15,
                            "margin": 5,
                          }
                        }
                      >
                        0
                      </Text>
                    </View>
                    <View
                      style={
                        Object {
                          "alignItems": "center",
                          "flexDirection": "row",
                        }
                      }
                    >
                      <Text
                        accessible={true}
                        allowFontScaling={true}
                        ellipsizeMode="tail"
                      />
                      <Text
                        accessible={true}
                        allowFontScaling={true}
                        ellipsizeMode="tail"
                        style={
                          Object {
                            "color": "grey",
                            "fontSize": 15,
                            "margin": 5,
                          }
                        }
                      >
                        0
                      </Text>
                    </View>
                  </View>
                </View>
              </View>
            </View>
          </View>
        </View>
        <View
          onLayout={[Function]}
          style={null}
        >
          <View
            accessibilityComponentType={undefined}
            accessibilityLabel={undefined}
            accessibilityTraits={undefined}
            accessible={true}
            hasTVPreferredFocus={undefined}
            hitSlop={undefined}
            isTVSelectable={true}
            nativeID={undefined}
            onLayout={undefined}
            onResponderGrant={[Function]}
            onResponderMove={[Function]}
            onResponderRelease={[Function]}
            onResponderTerminate={[Function]}
            onResponderTerminationRequest={[Function]}
            onStartShouldSetResponder={[Function]}
            style={null}
            testID={undefined}
            tvParallaxProperties={undefined}
          >
            <View
              style={
                Array [
                  Object {
                    "borderBottomWidth": 1,
                    "borderColor": "#ccc",
                    "padding": 10,
                  },
                  null,
                ]
              }
            >
              <View
                style={
                  Object {
                    "flex": 1,
                    "flexDirection": "row",
                  }
                }
              >
                <View
                  style={
                    Object {
                      "flex": 0.2,
                    }
                  }
                >
                  <View
                    accessibilityComponentType={undefined}
                    accessibilityLabel={undefined}
                    accessibilityTraits={undefined}
                    accessible={true}
                    hasTVPreferredFocus={undefined}
                    hitSlop={undefined}
                    isTVSelectable={true}
                    nativeID={undefined}
                    onLayout={undefined}
                    onResponderGrant={[Function]}
                    onResponderMove={[Function]}
                    onResponderRelease={[Function]}
                    onResponderTerminate={[Function]}
                    onResponderTerminationRequest={[Function]}
                    onStartShouldSetResponder={[Function]}
                    style={null}
                    testID={undefined}
                    tvParallaxProperties={undefined}
                  >
                    <Image
                      fadeDuration={0}
                      source={
                        Object {
                          "uri": "https://pbs.twimg.com/profile_images/962300034661396481/OzHK6TZr_normal.jpg",
                        }
                      }
                      style={
                        Object {
                          "alignSelf": "center",
                          "borderRadius": 25,
                          "height": 50,
                          "resizeMode": "contain",
                          "width": 50,
                        }
                      }
                    />
                  </View>
                </View>
                <View
                  style={
                    Object {
                      "flex": 0.8,
                    }
                  }
                >
                  <View
                    style={
                      Object {
                        "flexDirection": "row",
                      }
                    }
                  >
                    <Text
                      accessible={true}
                      allowFontScaling={true}
                      ellipsizeMode="tail"
                      style={
                        Object {
                          "fontWeight": "600",
                        }
                      }
                    >
                      TN - Todo Noticias
                    </Text>
                    <Text
                      accessible={true}
                      allowFontScaling={true}
                      ellipsizeMode="tail"
                    />
                    <Text
                      accessible={true}
                      allowFontScaling={true}
                      ellipsizeMode="tail"
                      style={
                        Object {
                          "color": "grey",
                        }
                      }
                    >
                       @
                      todonoticias
                    </Text>
                  </View>
                  <Text
                    accessible={true}
                    allowFontScaling={true}
                    ellipsizeMode="tail"
                    style={
                      Object {
                        "fontSize": 15,
                        "fontWeight": "400",
                      }
                    }
                  >
                    Por una medida de Trump, Rusia advirtió que "hay peligro" de una guerra nuclear: "Puede morir toda la civilización"… https://t.co/WG9oBkfoFF
                  </Text>
                  <View />
                  <View
                    style={
                      Object {
                        "flexDirection": "row",
                        "justifyContent": "space-between",
                        "paddingLeft": 5,
                        "paddingRight": 35,
                        "paddingTop": 15,
                      }
                    }
                  >
                    <View
                      style={
                        Object {
                          "alignItems": "center",
                          "flexDirection": "row",
                        }
                      }
                    >
                      <Text
                        accessible={true}
                        allowFontScaling={true}
                        ellipsizeMode="tail"
                      />
                      <Text
                        accessible={true}
                        allowFontScaling={true}
                        ellipsizeMode="tail"
                        style={
                          Object {
                            "color": "grey",
                            "fontSize": 15,
                            "margin": 5,
                          }
                        }
                      >
                        0
                      </Text>
                    </View>
                    <View
                      style={
                        Object {
                          "alignItems": "center",
                          "flexDirection": "row",
                        }
                      }
                    >
                      <Text
                        accessible={true}
                        allowFontScaling={true}
                        ellipsizeMode="tail"
                      />
                      <Text
                        accessible={true}
                        allowFontScaling={true}
                        ellipsizeMode="tail"
                        style={
                          Object {
                            "color": "grey",
                            "fontSize": 15,
                            "margin": 5,
                          }
                        }
                      >
                        0
                      </Text>
                    </View>
                    <View
                      style={
                        Object {
                          "alignItems": "center",
                          "flexDirection": "row",
                        }
                      }
                    >
                      <Text
                        accessible={true}
                        allowFontScaling={true}
                        ellipsizeMode="tail"
                      />
                      <Text
                        accessible={true}
                        allowFontScaling={true}
                        ellipsizeMode="tail"
                        style={
                          Object {
                            "color": "grey",
                            "fontSize": 15,
                            "margin": 5,
                          }
                        }
                      >
                        0
                      </Text>
                    </View>
                  </View>
                </View>
              </View>
            </View>
          </View>
        </View>
      </View>
    </RCTScrollView>
  </View>
</View>
`;
