// Jest Snapshot v1, https://goo.gl/fbAQLP

exports[`user profile screen should render correctly 1`] = `
<Component
  style={
    Object {
      "backgroundColor": "white",
      "flex": 1,
      "flexDirection": "column",
      "justifyContent": "space-around",
    }
  }
>
  <Component
    style={
      Object {
        "alignItems": "center",
        "backgroundColor": "#fff",
        "flex": 1,
        "justifyContent": "center",
      }
    }
  >
    <ActivityIndicator
      animating={true}
      color="#999999"
      hidesWhenStopped={true}
      size="small"
    />
  </Component>
</Component>
`;

exports[`user profile screen should render search results correctly 1`] = `
<UserProfileScreen
  isLoadingUserProfile={false}
  isLoadingUserProfilePost={false}
  navigation={
    Object {
      "getParam": [Function],
      "state": Object {
        "params": Object {
          "data": "1",
        },
      },
    }
  }
  requestUserProfile={[Function]}
  store={
    Object {
      "@@observable": [Function],
      "dispatch": [Function],
      "getState": [Function],
      "replaceReducer": [Function],
      "subscribe": [Function],
    }
  }
  storeSubscription={
    Subscription {
      "listeners": Object {
        "clear": [Function],
        "get": [Function],
        "notify": [Function],
        "subscribe": [Function],
      },
      "onStateChange": [Function],
      "parentSub": undefined,
      "store": Object {
        "@@observable": [Function],
        "dispatch": [Function],
        "getState": [Function],
        "replaceReducer": [Function],
        "subscribe": [Function],
      },
      "unsubscribe": [Function],
    }
  }
  user={Object {}}
  userProfilePost={Array []}
/>
`;
