// Jest Snapshot v1, https://goo.gl/fbAQLP

exports[`post component should render correctly 1`] = `
<Component
  style={
    Object {
      "borderBottomWidth": 1,
      "borderColor": "#ccc",
      "padding": 10,
    }
  }
>
  <Component
    style={
      Object {
        "flex": 1,
        "flexDirection": "row",
      }
    }
  >
    <Component
      style={
        Object {
          "flex": 0.2,
        }
      }
    >
      <TouchableHighlight
        activeOpacity={0.85}
        delayPressOut={100}
        onPress={[Function]}
        underlayColor="#dddddd"
      >
        <Image
          fadeDuration={0}
          source={
            Object {
              "uri": "https://pbs.twimg.com/profile_images/1053387941752369152/r4pGBF3K_normal.jpg",
            }
          }
          style={
            Object {
              "alignSelf": "center",
              "borderRadius": 25,
              "height": 50,
              "resizeMode": "contain",
              "width": 50,
            }
          }
        />
      </TouchableHighlight>
    </Component>
    <Component
      style={
        Object {
          "flex": 0.8,
        }
      }
    >
      <Component
        style={
          Object {
            "flexDirection": "row",
          }
        }
      >
        <Text
          accessible={true}
          allowFontScaling={true}
          ellipsizeMode="tail"
          style={
            Object {
              "fontWeight": "600",
            }
          }
        >
          Clarín
        </Text>
        <Text
          accessible={true}
          allowFontScaling={true}
          ellipsizeMode="tail"
          style={
            Object {
              "color": "grey",
            }
          }
        >
           @
          clarincom
        </Text>
      </Component>
      <Text
        accessible={true}
        allowFontScaling={true}
        ellipsizeMode="tail"
        style={
          Object {
            "fontSize": 15,
            "fontWeight": "400",
          }
        }
      >
        Microteatro de verano, una agenda cargada para pasar los meses de más calor https://t.co/3V4dX1OSiJ https://t.co/GuK1rpkdeJ
      </Text>
      <Component>
        <Image
          fadeDuration={0}
          key="1076097964253298700"
          source={
            Object {
              "uri": "https://pbs.twimg.com/media/Du8RZabWwAA5fiX.jpg",
            }
          }
          style={
            Object {
              "borderRadius": 10,
              "height": 250,
              "resizeMode": "contain",
            }
          }
        />
      </Component>
      <SocialInteraction
        favoriteCount={0}
        retweetCount={0}
      />
    </Component>
  </Component>
</Component>
`;
